App.tsx(1017,37): error TS2322: Type 'OrderStatus.DELIVERED' is not assignable to type 'OrderStatus.PENDING | OrderStatus.ACCEPTED | OrderStatus.TO_STORE | OrderStatus.ARRIVED_AT_STORE | OrderStatus.READY_FOR_PICKUP | OrderStatus.IN_TRANSIT | OrderStatus.RETURNING'.
App.tsx(1031,33): error TS2322: Type 'OrderStatus.DELIVERED' is not assignable to type 'OrderStatus.PENDING | OrderStatus.ACCEPTED | OrderStatus.TO_STORE | OrderStatus.ARRIVED_AT_STORE | OrderStatus.READY_FOR_PICKUP | OrderStatus.IN_TRANSIT | OrderStatus.RETURNING'.
components/ActiveOrderCard.tsx(39,7): error TS2322: Type 'Timeout' is not assignable to type 'number'.
components/App.tsx(3,30): error TS2307: Cannot find module './components/DeliveryForm' or its corresponding type declarations.
components/App.tsx(4,33): error TS2307: Cannot find module './components/ActiveOrderCard' or its corresponding type declarations.
components/App.tsx(5,25): error TS2307: Cannot find module './components/LiveMap' or its corresponding type declarations.
components/App.tsx(6,40): error TS2307: Cannot find module './components/GlobalSidebar' or its corresponding type declarations.
components/App.tsx(7,30): error TS2307: Cannot find module './components/DashboardTab' or its corresponding type declarations.
components/App.tsx(8,26): error TS2307: Cannot find module './components/EventLog' or its corresponding type declarations.
components/App.tsx(9,35): error TS2307: Cannot find module './components/OrderDetailsModal' or its corresponding type declarations.
components/App.tsx(10,36): error TS2307: Cannot find module './components/ClientHistoryModal' or its corresponding type declarations.
components/App.tsx(11,33): error TS2307: Cannot find module './components/GestaoDePedidos' or its corresponding type declarations.
components/App.tsx(12,95): error TS2307: Cannot find module './types' or its corresponding type declarations.
components/DeliveryForm.tsx(69,14): error TS2345: Argument of type '{ clientName: string; clientPhone: string; destination: string; addressStreet: string; addressNumber: string; addressComplement: string; addressNeighborhood: string; addressCity: string; deliveryValue: number; paymentMethod: "PIX" | ... 1 more ... | "CASH"; changeFor: number; isReturnRequired: boolean; }' is not assignable to parameter of type 'OrderFormData'.
  Property 'pickupCode' is missing in type '{ clientName: string; clientPhone: string; destination: string; addressStreet: string; addressNumber: string; addressComplement: string; addressNeighborhood: string; addressCity: string; deliveryValue: number; paymentMethod: "PIX" | ... 1 more ... | "CASH"; changeFor: number; isReturnRequired: boolean; }' but required in type 'OrderFormData'.
components/HistorySidebar.tsx(57,18): error TS2741: Property 'onViewChange' is missing in type '{ orders: Order[]; totalSpent: number; customers: Customer[]; }' but required in type 'DashboardTabProps'.
components/OrderServiceDetail.tsx(72,129): error TS2339: Property 'vehicleModel' does not exist on type 'Courier'.
